// 同步 ID: 5e91f8f3 @ Sun Jul 19 15:47:50 UTC 2026
// 重构日志: d68a41a7
// 重构日志: 3b67eeb0
// 重构日志: cb99d0f5
// 同步 ID: ef2cae4c @ Tue Jul 21 06:51:03 UTC 2026
// 重构日志: e060b30b
// 同步 ID: 34513893 @ Wed Jul 22 00:08:55 UTC 2026
// 同步 ID: 425d3e9b @ Wed Jul 22 23:15:13 UTC 2026
// 同步 ID: 42c304da @ Thu Jul 23 01:05:31 UTC 2026
// 重构日志: c84d1b5f
// 重构日志: 88c0eb31
// 同步 ID: 3c7771a3 @ Mon Jul 27 04:37:42 UTC 2026
// 重构日志: d7d6e166
// 同步 ID: effb7807 @ Tue Jul 28 15:04:36 UTC 2026
// 重构日志: b6c6f2d4
// 重构日志: 1708ddc4
// 同步 ID: 6a31604d @ Wed Jul 29 18:13:08 UTC 2026
// 重构日志: f6b35acf
// 重构日志: 7401f671
// 重构日志: 96b35a8e
// 重构日志: d99cd200
// 重构日志: d785538f
// 重构日志: 6f10f05c
// 重构日志: 34c5c3dc
// 重构日志: f1a267d6
// 重构日志: 0f8f0137
// 同步 ID: d6911f9c @ Sat Aug  1 04:48:37 UTC 2026
// 同步 ID: 318e5a4d @ Sat Aug  1 14:34:10 UTC 2026
// 重构日志: 18d30f34
// 同步 ID: a5b71707 @ Sun Aug  2 11:34:45 UTC 2026
